<h1>Level 1 Header</h1>

<p>This is content under the main header.</p>

<h2>Level 2 Header</h2>

<p>This is content under a sub-header.</p>

<h3>Level 3 Header</h3>

<p>This is content under a sub-sub-header.</p>
