<h1>Tables Example</h1>

<h2>Basic Table</h2>

<p>| Header 1 | Header 2 | Header 3 |</p>
<p>|----------|----------|----------|</p>
<p>| Cell 1   | Cell 2   | Cell 3   |</p>
<p>| Row 2    | Data     | More     |</p>

<h2>Table with Formatting</h2>

<p>| Feature | Status | Notes |</p>
<p>|---------|--------|-------|</p>
<p>| <strong>Headers</strong> | ✅ Complete | Working well |</p>
<p>| <code>Code</code> | ✅ Complete | Inline code works |</p>
<p>| <a href="https://example.com">Links</a> | ⚠️ Partial | Need testing |</p>

<h2>Simple Two-Column Table</h2>

<p>| Name | Value |</p>
<p>|------|-------|</p>
<p>| Version | 1.0.0 |</p>
<p>| Author | Test User |</p>
